[2025-04-27 09:40:05] local.ERROR: SQLSTATE[HY000] [2002] No connection could be made because the target machine actively refused it (Connection: mysql, SQL: select * from `landing_settings` where `key` = logo limit 1) {"exception":"[object] (Illuminate\\Database\\QueryException(code: 2002): SQLSTATE[HY000] [2002] No connection could be made because the target machine actively refused it (Connection: mysql, SQL: select * from `landing_settings` where `key` = logo limit 1) at C:\\Users\\HP\\Desktop\\Hadi Private\\Private Project\\wge-france\\vendor\\laravel\\framework\\src\\Illuminate\\Database\\Connection.php:825)
[stacktrace]
#0 C:\\Users\\HP\\Desktop\\Hadi Private\\Private Project\\wge-france\\vendor\\laravel\\framework\\src\\Illuminate\\Database\\Connection.php(979): Illuminate\\Database\\Connection->runQueryCallback('select * from `...', Array, Object(Closure))
#1 C:\\Users\\HP\\Desktop\\Hadi Private\\Private Project\\wge-france\\vendor\\laravel\\framework\\src\\Illuminate\\Database\\Connection.php(958): Illuminate\\Database\\Connection->tryAgainIfCausedByLostConnection(Object(Illuminate\\Database\\QueryException), 'select * from `...', Array, Object(Closure))
#2 C:\\Users\\HP\\Desktop\\Hadi Private\\Private Project\\wge-france\\vendor\\laravel\\framework\\src\\Illuminate\\Database\\Connection.php(781): Illuminate\\Database\\Connection->handleQueryException(Object(Illuminate\\Database\\QueryException), 'select * from `...', Array, Object(Closure))
#3 C:\\Users\\HP\\Desktop\\Hadi Private\\Private Project\\wge-france\\vendor\\laravel\\framework\\src\\Illuminate\\Database\\Connection.php(398): Illuminate\\Database\\Connection->run('select * from `...', Array, Object(Closure))
#4 C:\\Users\\HP\\Desktop\\Hadi Private\\Private Project\\wge-france\\vendor\\laravel\\framework\\src\\Illuminate\\Database\\Query\\Builder.php(3106): Illuminate\\Database\\Connection->select('select * from `...', Array, true)
#5 C:\\Users\\HP\\Desktop\\Hadi Private\\Private Project\\wge-france\\vendor\\laravel\\framework\\src\\Illuminate\\Database\\Query\\Builder.php(3091): Illuminate\\Database\\Query\\Builder->runSelect()
#6 C:\\Users\\HP\\Desktop\\Hadi Private\\Private Project\\wge-france\\vendor\\laravel\\framework\\src\\Illuminate\\Database\\Query\\Builder.php(3676): Illuminate\\Database\\Query\\Builder->Illuminate\\Database\\Query\\{closure}()
#7 C:\\Users\\HP\\Desktop\\Hadi Private\\Private Project\\wge-france\\vendor\\laravel\\framework\\src\\Illuminate\\Database\\Query\\Builder.php(3090): Illuminate\\Database\\Query\\Builder->onceWithColumns(Array, Object(Closure))
#8 C:\\Users\\HP\\Desktop\\Hadi Private\\Private Project\\wge-france\\vendor\\laravel\\framework\\src\\Illuminate\\Database\\Eloquent\\Builder.php(811): Illuminate\\Database\\Query\\Builder->get(Array)
#9 C:\\Users\\HP\\Desktop\\Hadi Private\\Private Project\\wge-france\\vendor\\laravel\\framework\\src\\Illuminate\\Database\\Eloquent\\Builder.php(793): Illuminate\\Database\\Eloquent\\Builder->getModels(Array)
#10 C:\\Users\\HP\\Desktop\\Hadi Private\\Private Project\\wge-france\\vendor\\laravel\\framework\\src\\Illuminate\\Database\\Concerns\\BuildsQueries.php(343): Illuminate\\Database\\Eloquent\\Builder->get(Array)
#11 C:\\Users\\HP\\Desktop\\Hadi Private\\Private Project\\wge-france\\app\\Providers\\Filament\\AdminPanelProvider.php(32): Illuminate\\Database\\Eloquent\\Builder->first()
#12 C:\\Users\\HP\\Desktop\\Hadi Private\\Private Project\\wge-france\\vendor\\filament\\filament\\src\\PanelProvider.php(15): App\\Providers\\Filament\\AdminPanelProvider->panel(Object(Filament\\Panel))
#13 C:\\Users\\HP\\Desktop\\Hadi Private\\Private Project\\wge-france\\vendor\\laravel\\framework\\src\\Illuminate\\Collections\\helpers.php(236): Filament\\PanelProvider->Filament\\{closure}()
#14 C:\\Users\\HP\\Desktop\\Hadi Private\\Private Project\\wge-france\\vendor\\filament\\filament\\src\\Facades\\Filament.php(140): value(Object(Closure))
#15 C:\\Users\\HP\\Desktop\\Hadi Private\\Private Project\\wge-france\\vendor\\laravel\\framework\\src\\Illuminate\\Container\\Container.php(1432): Filament\\Facades\\Filament::Filament\\Facades\\{closure}(Object(Filament\\PanelRegistry), Object(Illuminate\\Foundation\\Application))
#16 C:\\Users\\HP\\Desktop\\Hadi Private\\Private Project\\wge-france\\vendor\\laravel\\framework\\src\\Illuminate\\Container\\Container.php(1350): Illuminate\\Container\\Container->fireCallbackArray(Object(Filament\\PanelRegistry), Array)
#17 C:\\Users\\HP\\Desktop\\Hadi Private\\Private Project\\wge-france\\vendor\\laravel\\framework\\src\\Illuminate\\Container\\Container.php(850): Illuminate\\Container\\Container->fireResolvingCallbacks('Filament\\\\PanelR...', Object(Filament\\PanelRegistry))
#18 C:\\Users\\HP\\Desktop\\Hadi Private\\Private Project\\wge-france\\vendor\\laravel\\framework\\src\\Illuminate\\Foundation\\Application.php(1078): Illuminate\\Container\\Container->resolve('Filament\\\\PanelR...', Array, true)
#19 C:\\Users\\HP\\Desktop\\Hadi Private\\Private Project\\wge-france\\vendor\\laravel\\framework\\src\\Illuminate\\Container\\Container.php(763): Illuminate\\Foundation\\Application->resolve('Filament\\\\PanelR...', Array)
#20 C:\\Users\\HP\\Desktop\\Hadi Private\\Private Project\\wge-france\\vendor\\laravel\\framework\\src\\Illuminate\\Foundation\\Application.php(1058): Illuminate\\Container\\Container->make('Filament\\\\PanelR...', Array)
#21 C:\\Users\\HP\\Desktop\\Hadi Private\\Private Project\\wge-france\\vendor\\laravel\\framework\\src\\Illuminate\\Foundation\\helpers.php(124): Illuminate\\Foundation\\Application->make('Filament\\\\PanelR...', Array)
#22 C:\\Users\\HP\\Desktop\\Hadi Private\\Private Project\\wge-france\\vendor\\filament\\filament\\src\\FilamentManager.php(51): app('Filament\\\\PanelR...')
#23 C:\\Users\\HP\\Desktop\\Hadi Private\\Private Project\\wge-france\\vendor\\filament\\filament\\src\\FilamentServiceProvider.php(48): Filament\\FilamentManager->__construct()
#24 C:\\Users\\HP\\Desktop\\Hadi Private\\Private Project\\wge-france\\vendor\\laravel\\framework\\src\\Illuminate\\Container\\Container.php(952): Filament\\FilamentServiceProvider->Filament\\{closure}(Object(Illuminate\\Foundation\\Application), Array)
#25 C:\\Users\\HP\\Desktop\\Hadi Private\\Private Project\\wge-france\\vendor\\laravel\\framework\\src\\Illuminate\\Container\\Container.php(832): Illuminate\\Container\\Container->build(Object(Closure))
#26 C:\\Users\\HP\\Desktop\\Hadi Private\\Private Project\\wge-france\\vendor\\laravel\\framework\\src\\Illuminate\\Foundation\\Application.php(1078): Illuminate\\Container\\Container->resolve('filament', Array, true)
#27 C:\\Users\\HP\\Desktop\\Hadi Private\\Private Project\\wge-france\\vendor\\laravel\\framework\\src\\Illuminate\\Container\\Container.php(763): Illuminate\\Foundation\\Application->resolve('filament', Array)
#28 C:\\Users\\HP\\Desktop\\Hadi Private\\Private Project\\wge-france\\vendor\\laravel\\framework\\src\\Illuminate\\Foundation\\Application.php(1058): Illuminate\\Container\\Container->make('filament', Array)
#29 C:\\Users\\HP\\Desktop\\Hadi Private\\Private Project\\wge-france\\vendor\\laravel\\framework\\src\\Illuminate\\Container\\Container.php(1580): Illuminate\\Foundation\\Application->make('filament')
#30 C:\\Users\\HP\\Desktop\\Hadi Private\\Private Project\\wge-france\\vendor\\laravel\\framework\\src\\Illuminate\\Support\\Facades\\Facade.php(239): Illuminate\\Container\\Container->offsetGet('filament')
#31 C:\\Users\\HP\\Desktop\\Hadi Private\\Private Project\\wge-france\\vendor\\laravel\\framework\\src\\Illuminate\\Support\\Facades\\Facade.php(210): Illuminate\\Support\\Facades\\Facade::resolveFacadeInstance('filament')
#32 C:\\Users\\HP\\Desktop\\Hadi Private\\Private Project\\wge-france\\vendor\\laravel\\framework\\src\\Illuminate\\Support\\Facades\\Facade.php(355): Illuminate\\Support\\Facades\\Facade::getFacadeRoot()
#33 C:\\Users\\HP\\Desktop\\Hadi Private\\Private Project\\wge-france\\vendor\\filament\\filament\\routes\\web.php(13): Illuminate\\Support\\Facades\\Facade::__callStatic('getPanels', Array)
#34 C:\\Users\\HP\\Desktop\\Hadi Private\\Private Project\\wge-france\\vendor\\laravel\\framework\\src\\Illuminate\\Routing\\Router.php(511): Illuminate\\Support\\ServiceProvider->{closure}(Object(Illuminate\\Routing\\Router))
#35 C:\\Users\\HP\\Desktop\\Hadi Private\\Private Project\\wge-france\\vendor\\laravel\\framework\\src\\Illuminate\\Routing\\Router.php(467): Illuminate\\Routing\\Router->loadRoutes(Object(Closure))
#36 C:\\Users\\HP\\Desktop\\Hadi Private\\Private Project\\wge-france\\vendor\\laravel\\framework\\src\\Illuminate\\Routing\\RouteRegistrar.php(207): Illuminate\\Routing\\Router->group(Array, Object(Closure))
#37 C:\\Users\\HP\\Desktop\\Hadi Private\\Private Project\\wge-france\\vendor\\filament\\filament\\routes\\web.php(12): Illuminate\\Routing\\RouteRegistrar->group(Object(Closure))
#38 C:\\Users\\HP\\Desktop\\Hadi Private\\Private Project\\wge-france\\vendor\\laravel\\framework\\src\\Illuminate\\Support\\ServiceProvider.php(195): require('C:\\\\Users\\\\HP\\\\Des...')
#39 C:\\Users\\HP\\Desktop\\Hadi Private\\Private Project\\wge-france\\vendor\\spatie\\laravel-package-tools\\src\\Concerns\\PackageServiceProvider\\ProcessRoutes.php(14): Illuminate\\Support\\ServiceProvider->loadRoutesFrom('C:\\\\Users\\\\HP\\\\Des...')
#40 C:\\Users\\HP\\Desktop\\Hadi Private\\Private Project\\wge-france\\vendor\\spatie\\laravel-package-tools\\src\\PackageServiceProvider.php(85): Spatie\\LaravelPackageTools\\PackageServiceProvider->bootPackageRoutes()
#41 C:\\Users\\HP\\Desktop\\Hadi Private\\Private Project\\wge-france\\vendor\\laravel\\framework\\src\\Illuminate\\Container\\BoundMethod.php(36): Spatie\\LaravelPackageTools\\PackageServiceProvider->boot()
#42 C:\\Users\\HP\\Desktop\\Hadi Private\\Private Project\\wge-france\\vendor\\laravel\\framework\\src\\Illuminate\\Container\\Util.php(43): Illuminate\\Container\\BoundMethod::Illuminate\\Container\\{closure}()
#43 C:\\Users\\HP\\Desktop\\Hadi Private\\Private Project\\wge-france\\vendor\\laravel\\framework\\src\\Illuminate\\Container\\BoundMethod.php(95): Illuminate\\Container\\Util::unwrapIfClosure(Object(Closure))
#44 C:\\Users\\HP\\Desktop\\Hadi Private\\Private Project\\wge-france\\vendor\\laravel\\framework\\src\\Illuminate\\Container\\BoundMethod.php(35): Illuminate\\Container\\BoundMethod::callBoundMethod(Object(Illuminate\\Foundation\\Application), Array, Object(Closure))
#45 C:\\Users\\HP\\Desktop\\Hadi Private\\Private Project\\wge-france\\vendor\\laravel\\framework\\src\\Illuminate\\Container\\Container.php(696): Illuminate\\Container\\BoundMethod::call(Object(Illuminate\\Foundation\\Application), Array, Array, NULL)
#46 C:\\Users\\HP\\Desktop\\Hadi Private\\Private Project\\wge-france\\vendor\\laravel\\framework\\src\\Illuminate\\Foundation\\Application.php(1151): Illuminate\\Container\\Container->call(Array)
#47 C:\\Users\\HP\\Desktop\\Hadi Private\\Private Project\\wge-france\\vendor\\laravel\\framework\\src\\Illuminate\\Foundation\\Application.php(1132): Illuminate\\Foundation\\Application->bootProvider(Object(Filament\\FilamentServiceProvider))
#48 [internal function]: Illuminate\\Foundation\\Application->Illuminate\\Foundation\\{closure}(Object(Filament\\FilamentServiceProvider), 'Filament\\\\Filame...')
#49 C:\\Users\\HP\\Desktop\\Hadi Private\\Private Project\\wge-france\\vendor\\laravel\\framework\\src\\Illuminate\\Foundation\\Application.php(1131): array_walk(Array, Object(Closure))
#50 C:\\Users\\HP\\Desktop\\Hadi Private\\Private Project\\wge-france\\vendor\\laravel\\framework\\src\\Illuminate\\Foundation\\Bootstrap\\BootProviders.php(17): Illuminate\\Foundation\\Application->boot()
#51 C:\\Users\\HP\\Desktop\\Hadi Private\\Private Project\\wge-france\\vendor\\laravel\\framework\\src\\Illuminate\\Foundation\\Application.php(342): Illuminate\\Foundation\\Bootstrap\\BootProviders->bootstrap(Object(Illuminate\\Foundation\\Application))
#52 C:\\Users\\HP\\Desktop\\Hadi Private\\Private Project\\wge-france\\vendor\\laravel\\framework\\src\\Illuminate\\Foundation\\Console\\Kernel.php(474): Illuminate\\Foundation\\Application->bootstrapWith(Array)
#53 C:\\Users\\HP\\Desktop\\Hadi Private\\Private Project\\wge-france\\vendor\\laravel\\framework\\src\\Illuminate\\Foundation\\Console\\Kernel.php(196): Illuminate\\Foundation\\Console\\Kernel->bootstrap()
#54 C:\\Users\\HP\\Desktop\\Hadi Private\\Private Project\\wge-france\\vendor\\laravel\\framework\\src\\Illuminate\\Foundation\\Application.php(1235): Illuminate\\Foundation\\Console\\Kernel->handle(Object(Symfony\\Component\\Console\\Input\\ArgvInput), Object(Symfony\\Component\\Console\\Output\\ConsoleOutput))
#55 C:\\Users\\HP\\Desktop\\Hadi Private\\Private Project\\wge-france\\artisan(13): Illuminate\\Foundation\\Application->handleCommand(Object(Symfony\\Component\\Console\\Input\\ArgvInput))
#56 {main}

[previous exception] [object] (PDOException(code: 2002): SQLSTATE[HY000] [2002] No connection could be made because the target machine actively refused it at C:\\Users\\HP\\Desktop\\Hadi Private\\Private Project\\wge-france\\vendor\\laravel\\framework\\src\\Illuminate\\Database\\Connectors\\Connector.php:66)
[stacktrace]
#0 C:\\Users\\HP\\Desktop\\Hadi Private\\Private Project\\wge-france\\vendor\\laravel\\framework\\src\\Illuminate\\Database\\Connectors\\Connector.php(66): PDO->__construct('mysql:host=127....', 'root', Object(SensitiveParameterValue), Array)
#1 C:\\Users\\HP\\Desktop\\Hadi Private\\Private Project\\wge-france\\vendor\\laravel\\framework\\src\\Illuminate\\Database\\Connectors\\Connector.php(85): Illuminate\\Database\\Connectors\\Connector->createPdoConnection('mysql:host=127....', 'root', Object(SensitiveParameterValue), Array)
#2 C:\\Users\\HP\\Desktop\\Hadi Private\\Private Project\\wge-france\\vendor\\laravel\\framework\\src\\Illuminate\\Database\\Connectors\\Connector.php(48): Illuminate\\Database\\Connectors\\Connector->tryAgainIfCausedByLostConnection(Object(PDOException), 'mysql:host=127....', 'root', Object(SensitiveParameterValue), Array)
#3 C:\\Users\\HP\\Desktop\\Hadi Private\\Private Project\\wge-france\\vendor\\laravel\\framework\\src\\Illuminate\\Database\\Connectors\\MySqlConnector.php(24): Illuminate\\Database\\Connectors\\Connector->createConnection('mysql:host=127....', Array, Array)
#4 C:\\Users\\HP\\Desktop\\Hadi Private\\Private Project\\wge-france\\vendor\\laravel\\framework\\src\\Illuminate\\Database\\Connectors\\ConnectionFactory.php(185): Illuminate\\Database\\Connectors\\MySqlConnector->connect(Array)
#5 [internal function]: Illuminate\\Database\\Connectors\\ConnectionFactory->Illuminate\\Database\\Connectors\\{closure}()
#6 C:\\Users\\HP\\Desktop\\Hadi Private\\Private Project\\wge-france\\vendor\\laravel\\framework\\src\\Illuminate\\Database\\Connection.php(1231): call_user_func(Object(Closure))
#7 C:\\Users\\HP\\Desktop\\Hadi Private\\Private Project\\wge-france\\vendor\\laravel\\framework\\src\\Illuminate\\Database\\Connection.php(1267): Illuminate\\Database\\Connection->getPdo()
#8 C:\\Users\\HP\\Desktop\\Hadi Private\\Private Project\\wge-france\\vendor\\laravel\\framework\\src\\Illuminate\\Database\\Connection.php(512): Illuminate\\Database\\Connection->getReadPdo()
#9 C:\\Users\\HP\\Desktop\\Hadi Private\\Private Project\\wge-france\\vendor\\laravel\\framework\\src\\Illuminate\\Database\\Connection.php(407): Illuminate\\Database\\Connection->getPdoForSelect(true)
#10 C:\\Users\\HP\\Desktop\\Hadi Private\\Private Project\\wge-france\\vendor\\laravel\\framework\\src\\Illuminate\\Database\\Connection.php(812): Illuminate\\Database\\Connection->Illuminate\\Database\\{closure}('select * from `...', Array)
#11 C:\\Users\\HP\\Desktop\\Hadi Private\\Private Project\\wge-france\\vendor\\laravel\\framework\\src\\Illuminate\\Database\\Connection.php(979): Illuminate\\Database\\Connection->runQueryCallback('select * from `...', Array, Object(Closure))
#12 C:\\Users\\HP\\Desktop\\Hadi Private\\Private Project\\wge-france\\vendor\\laravel\\framework\\src\\Illuminate\\Database\\Connection.php(958): Illuminate\\Database\\Connection->tryAgainIfCausedByLostConnection(Object(Illuminate\\Database\\QueryException), 'select * from `...', Array, Object(Closure))
#13 C:\\Users\\HP\\Desktop\\Hadi Private\\Private Project\\wge-france\\vendor\\laravel\\framework\\src\\Illuminate\\Database\\Connection.php(781): Illuminate\\Database\\Connection->handleQueryException(Object(Illuminate\\Database\\QueryException), 'select * from `...', Array, Object(Closure))
#14 C:\\Users\\HP\\Desktop\\Hadi Private\\Private Project\\wge-france\\vendor\\laravel\\framework\\src\\Illuminate\\Database\\Connection.php(398): Illuminate\\Database\\Connection->run('select * from `...', Array, Object(Closure))
#15 C:\\Users\\HP\\Desktop\\Hadi Private\\Private Project\\wge-france\\vendor\\laravel\\framework\\src\\Illuminate\\Database\\Query\\Builder.php(3106): Illuminate\\Database\\Connection->select('select * from `...', Array, true)
#16 C:\\Users\\HP\\Desktop\\Hadi Private\\Private Project\\wge-france\\vendor\\laravel\\framework\\src\\Illuminate\\Database\\Query\\Builder.php(3091): Illuminate\\Database\\Query\\Builder->runSelect()
#17 C:\\Users\\HP\\Desktop\\Hadi Private\\Private Project\\wge-france\\vendor\\laravel\\framework\\src\\Illuminate\\Database\\Query\\Builder.php(3676): Illuminate\\Database\\Query\\Builder->Illuminate\\Database\\Query\\{closure}()
#18 C:\\Users\\HP\\Desktop\\Hadi Private\\Private Project\\wge-france\\vendor\\laravel\\framework\\src\\Illuminate\\Database\\Query\\Builder.php(3090): Illuminate\\Database\\Query\\Builder->onceWithColumns(Array, Object(Closure))
#19 C:\\Users\\HP\\Desktop\\Hadi Private\\Private Project\\wge-france\\vendor\\laravel\\framework\\src\\Illuminate\\Database\\Eloquent\\Builder.php(811): Illuminate\\Database\\Query\\Builder->get(Array)
#20 C:\\Users\\HP\\Desktop\\Hadi Private\\Private Project\\wge-france\\vendor\\laravel\\framework\\src\\Illuminate\\Database\\Eloquent\\Builder.php(793): Illuminate\\Database\\Eloquent\\Builder->getModels(Array)
#21 C:\\Users\\HP\\Desktop\\Hadi Private\\Private Project\\wge-france\\vendor\\laravel\\framework\\src\\Illuminate\\Database\\Concerns\\BuildsQueries.php(343): Illuminate\\Database\\Eloquent\\Builder->get(Array)
#22 C:\\Users\\HP\\Desktop\\Hadi Private\\Private Project\\wge-france\\app\\Providers\\Filament\\AdminPanelProvider.php(32): Illuminate\\Database\\Eloquent\\Builder->first()
#23 C:\\Users\\HP\\Desktop\\Hadi Private\\Private Project\\wge-france\\vendor\\filament\\filament\\src\\PanelProvider.php(15): App\\Providers\\Filament\\AdminPanelProvider->panel(Object(Filament\\Panel))
#24 C:\\Users\\HP\\Desktop\\Hadi Private\\Private Project\\wge-france\\vendor\\laravel\\framework\\src\\Illuminate\\Collections\\helpers.php(236): Filament\\PanelProvider->Filament\\{closure}()
#25 C:\\Users\\HP\\Desktop\\Hadi Private\\Private Project\\wge-france\\vendor\\filament\\filament\\src\\Facades\\Filament.php(140): value(Object(Closure))
#26 C:\\Users\\HP\\Desktop\\Hadi Private\\Private Project\\wge-france\\vendor\\laravel\\framework\\src\\Illuminate\\Container\\Container.php(1432): Filament\\Facades\\Filament::Filament\\Facades\\{closure}(Object(Filament\\PanelRegistry), Object(Illuminate\\Foundation\\Application))
#27 C:\\Users\\HP\\Desktop\\Hadi Private\\Private Project\\wge-france\\vendor\\laravel\\framework\\src\\Illuminate\\Container\\Container.php(1350): Illuminate\\Container\\Container->fireCallbackArray(Object(Filament\\PanelRegistry), Array)
#28 C:\\Users\\HP\\Desktop\\Hadi Private\\Private Project\\wge-france\\vendor\\laravel\\framework\\src\\Illuminate\\Container\\Container.php(850): Illuminate\\Container\\Container->fireResolvingCallbacks('Filament\\\\PanelR...', Object(Filament\\PanelRegistry))
#29 C:\\Users\\HP\\Desktop\\Hadi Private\\Private Project\\wge-france\\vendor\\laravel\\framework\\src\\Illuminate\\Foundation\\Application.php(1078): Illuminate\\Container\\Container->resolve('Filament\\\\PanelR...', Array, true)
#30 C:\\Users\\HP\\Desktop\\Hadi Private\\Private Project\\wge-france\\vendor\\laravel\\framework\\src\\Illuminate\\Container\\Container.php(763): Illuminate\\Foundation\\Application->resolve('Filament\\\\PanelR...', Array)
#31 C:\\Users\\HP\\Desktop\\Hadi Private\\Private Project\\wge-france\\vendor\\laravel\\framework\\src\\Illuminate\\Foundation\\Application.php(1058): Illuminate\\Container\\Container->make('Filament\\\\PanelR...', Array)
#32 C:\\Users\\HP\\Desktop\\Hadi Private\\Private Project\\wge-france\\vendor\\laravel\\framework\\src\\Illuminate\\Foundation\\helpers.php(124): Illuminate\\Foundation\\Application->make('Filament\\\\PanelR...', Array)
#33 C:\\Users\\HP\\Desktop\\Hadi Private\\Private Project\\wge-france\\vendor\\filament\\filament\\src\\FilamentManager.php(51): app('Filament\\\\PanelR...')
#34 C:\\Users\\HP\\Desktop\\Hadi Private\\Private Project\\wge-france\\vendor\\filament\\filament\\src\\FilamentServiceProvider.php(48): Filament\\FilamentManager->__construct()
#35 C:\\Users\\HP\\Desktop\\Hadi Private\\Private Project\\wge-france\\vendor\\laravel\\framework\\src\\Illuminate\\Container\\Container.php(952): Filament\\FilamentServiceProvider->Filament\\{closure}(Object(Illuminate\\Foundation\\Application), Array)
#36 C:\\Users\\HP\\Desktop\\Hadi Private\\Private Project\\wge-france\\vendor\\laravel\\framework\\src\\Illuminate\\Container\\Container.php(832): Illuminate\\Container\\Container->build(Object(Closure))
#37 C:\\Users\\HP\\Desktop\\Hadi Private\\Private Project\\wge-france\\vendor\\laravel\\framework\\src\\Illuminate\\Foundation\\Application.php(1078): Illuminate\\Container\\Container->resolve('filament', Array, true)
#38 C:\\Users\\HP\\Desktop\\Hadi Private\\Private Project\\wge-france\\vendor\\laravel\\framework\\src\\Illuminate\\Container\\Container.php(763): Illuminate\\Foundation\\Application->resolve('filament', Array)
#39 C:\\Users\\HP\\Desktop\\Hadi Private\\Private Project\\wge-france\\vendor\\laravel\\framework\\src\\Illuminate\\Foundation\\Application.php(1058): Illuminate\\Container\\Container->make('filament', Array)
#40 C:\\Users\\HP\\Desktop\\Hadi Private\\Private Project\\wge-france\\vendor\\laravel\\framework\\src\\Illuminate\\Container\\Container.php(1580): Illuminate\\Foundation\\Application->make('filament')
#41 C:\\Users\\HP\\Desktop\\Hadi Private\\Private Project\\wge-france\\vendor\\laravel\\framework\\src\\Illuminate\\Support\\Facades\\Facade.php(239): Illuminate\\Container\\Container->offsetGet('filament')
#42 C:\\Users\\HP\\Desktop\\Hadi Private\\Private Project\\wge-france\\vendor\\laravel\\framework\\src\\Illuminate\\Support\\Facades\\Facade.php(210): Illuminate\\Support\\Facades\\Facade::resolveFacadeInstance('filament')
#43 C:\\Users\\HP\\Desktop\\Hadi Private\\Private Project\\wge-france\\vendor\\laravel\\framework\\src\\Illuminate\\Support\\Facades\\Facade.php(355): Illuminate\\Support\\Facades\\Facade::getFacadeRoot()
#44 C:\\Users\\HP\\Desktop\\Hadi Private\\Private Project\\wge-france\\vendor\\filament\\filament\\routes\\web.php(13): Illuminate\\Support\\Facades\\Facade::__callStatic('getPanels', Array)
#45 C:\\Users\\HP\\Desktop\\Hadi Private\\Private Project\\wge-france\\vendor\\laravel\\framework\\src\\Illuminate\\Routing\\Router.php(511): Illuminate\\Support\\ServiceProvider->{closure}(Object(Illuminate\\Routing\\Router))
#46 C:\\Users\\HP\\Desktop\\Hadi Private\\Private Project\\wge-france\\vendor\\laravel\\framework\\src\\Illuminate\\Routing\\Router.php(467): Illuminate\\Routing\\Router->loadRoutes(Object(Closure))
#47 C:\\Users\\HP\\Desktop\\Hadi Private\\Private Project\\wge-france\\vendor\\laravel\\framework\\src\\Illuminate\\Routing\\RouteRegistrar.php(207): Illuminate\\Routing\\Router->group(Array, Object(Closure))
#48 C:\\Users\\HP\\Desktop\\Hadi Private\\Private Project\\wge-france\\vendor\\filament\\filament\\routes\\web.php(12): Illuminate\\Routing\\RouteRegistrar->group(Object(Closure))
#49 C:\\Users\\HP\\Desktop\\Hadi Private\\Private Project\\wge-france\\vendor\\laravel\\framework\\src\\Illuminate\\Support\\ServiceProvider.php(195): require('C:\\\\Users\\\\HP\\\\Des...')
#50 C:\\Users\\HP\\Desktop\\Hadi Private\\Private Project\\wge-france\\vendor\\spatie\\laravel-package-tools\\src\\Concerns\\PackageServiceProvider\\ProcessRoutes.php(14): Illuminate\\Support\\ServiceProvider->loadRoutesFrom('C:\\\\Users\\\\HP\\\\Des...')
#51 C:\\Users\\HP\\Desktop\\Hadi Private\\Private Project\\wge-france\\vendor\\spatie\\laravel-package-tools\\src\\PackageServiceProvider.php(85): Spatie\\LaravelPackageTools\\PackageServiceProvider->bootPackageRoutes()
#52 C:\\Users\\HP\\Desktop\\Hadi Private\\Private Project\\wge-france\\vendor\\laravel\\framework\\src\\Illuminate\\Container\\BoundMethod.php(36): Spatie\\LaravelPackageTools\\PackageServiceProvider->boot()
#53 C:\\Users\\HP\\Desktop\\Hadi Private\\Private Project\\wge-france\\vendor\\laravel\\framework\\src\\Illuminate\\Container\\Util.php(43): Illuminate\\Container\\BoundMethod::Illuminate\\Container\\{closure}()
#54 C:\\Users\\HP\\Desktop\\Hadi Private\\Private Project\\wge-france\\vendor\\laravel\\framework\\src\\Illuminate\\Container\\BoundMethod.php(95): Illuminate\\Container\\Util::unwrapIfClosure(Object(Closure))
#55 C:\\Users\\HP\\Desktop\\Hadi Private\\Private Project\\wge-france\\vendor\\laravel\\framework\\src\\Illuminate\\Container\\BoundMethod.php(35): Illuminate\\Container\\BoundMethod::callBoundMethod(Object(Illuminate\\Foundation\\Application), Array, Object(Closure))
#56 C:\\Users\\HP\\Desktop\\Hadi Private\\Private Project\\wge-france\\vendor\\laravel\\framework\\src\\Illuminate\\Container\\Container.php(696): Illuminate\\Container\\BoundMethod::call(Object(Illuminate\\Foundation\\Application), Array, Array, NULL)
#57 C:\\Users\\HP\\Desktop\\Hadi Private\\Private Project\\wge-france\\vendor\\laravel\\framework\\src\\Illuminate\\Foundation\\Application.php(1151): Illuminate\\Container\\Container->call(Array)
#58 C:\\Users\\HP\\Desktop\\Hadi Private\\Private Project\\wge-france\\vendor\\laravel\\framework\\src\\Illuminate\\Foundation\\Application.php(1132): Illuminate\\Foundation\\Application->bootProvider(Object(Filament\\FilamentServiceProvider))
#59 [internal function]: Illuminate\\Foundation\\Application->Illuminate\\Foundation\\{closure}(Object(Filament\\FilamentServiceProvider), 'Filament\\\\Filame...')
#60 C:\\Users\\HP\\Desktop\\Hadi Private\\Private Project\\wge-france\\vendor\\laravel\\framework\\src\\Illuminate\\Foundation\\Application.php(1131): array_walk(Array, Object(Closure))
#61 C:\\Users\\HP\\Desktop\\Hadi Private\\Private Project\\wge-france\\vendor\\laravel\\framework\\src\\Illuminate\\Foundation\\Bootstrap\\BootProviders.php(17): Illuminate\\Foundation\\Application->boot()
#62 C:\\Users\\HP\\Desktop\\Hadi Private\\Private Project\\wge-france\\vendor\\laravel\\framework\\src\\Illuminate\\Foundation\\Application.php(342): Illuminate\\Foundation\\Bootstrap\\BootProviders->bootstrap(Object(Illuminate\\Foundation\\Application))
#63 C:\\Users\\HP\\Desktop\\Hadi Private\\Private Project\\wge-france\\vendor\\laravel\\framework\\src\\Illuminate\\Foundation\\Console\\Kernel.php(474): Illuminate\\Foundation\\Application->bootstrapWith(Array)
#64 C:\\Users\\HP\\Desktop\\Hadi Private\\Private Project\\wge-france\\vendor\\laravel\\framework\\src\\Illuminate\\Foundation\\Console\\Kernel.php(196): Illuminate\\Foundation\\Console\\Kernel->bootstrap()
#65 C:\\Users\\HP\\Desktop\\Hadi Private\\Private Project\\wge-france\\vendor\\laravel\\framework\\src\\Illuminate\\Foundation\\Application.php(1235): Illuminate\\Foundation\\Console\\Kernel->handle(Object(Symfony\\Component\\Console\\Input\\ArgvInput), Object(Symfony\\Component\\Console\\Output\\ConsoleOutput))
#66 C:\\Users\\HP\\Desktop\\Hadi Private\\Private Project\\wge-france\\artisan(13): Illuminate\\Foundation\\Application->handleCommand(Object(Symfony\\Component\\Console\\Input\\ArgvInput))
#67 {main}
"} 
